test_all_incomplete_statuses_fail_closed (test_release_qa.RunnerTests) ... ok
test_authenticated_receipt_requires_current_run_subcases_and_cleanup (test_release_qa.RunnerTests) ... ok
test_authenticated_swift_never_starts_without_dedicated_sessions (test_release_qa.RunnerTests) ... db.swift_manual: BLOCKED
ok
test_case_receipt_propagates_failed_and_unexecuted_cases (test_release_qa.RunnerTests) ... ok
test_case_receipt_requires_exact_unique_coverage (test_release_qa.RunnerTests) ... ok
test_cleanup_cannot_start_without_explicit_ledger_and_sessions (test_release_qa.RunnerTests) ... db.swift_cleanup: BLOCKED
ok
test_cleanup_receipt_cannot_impersonate_a_test_run (test_release_qa.RunnerTests) ... ok
test_controlled_fault_fails_report (test_release_qa.RunnerTests) ... ok
test_corpus_edit_requires_new_lock (test_release_qa.RunnerTests) ... ok
test_discovery_errors_are_not_success (test_release_qa.RunnerTests) ... ok
test_empty_lock_is_not_frozen (test_release_qa.RunnerTests) ... ok
test_forwarded_production_override_rejected (test_release_qa.RunnerTests) ... ok
test_full_report_cannot_pass_with_missing_required_cases (test_release_qa.RunnerTests) ... ok
test_interrupted_cleanup_always_persists_blocked_report (test_release_qa.RunnerTests) ... run.interrupted: BLOCKED
REPORT: /private/var/folders/tk/61qtbj0j5rd6rqr44xkz87jc0000gn/T/tmpbuzvruc5/report.md
ok
test_interrupted_output_is_rejected_before_any_execution (test_release_qa.RunnerTests) ... usage: release_qa.py [-h] [--output OUTPUT] [--ledger LEDGER]
                     {preflight,smoke,full,report,cleanup}
release_qa.py: error: Output must be a new or empty directory; use report mode for prior results
ok
test_malformed_cleanup_receipt_cannot_escape_reporting (test_release_qa.RunnerTests) ... ok
test_matrix_receipt_missing_cannot_be_reported_as_executed (test_release_qa.RunnerTests) ... matrix.synthetic_coverage: BLOCKED
ok
test_matrix_receipt_rejects_stale_binding_even_with_all_case_ids (test_release_qa.RunnerTests) ... matrix.synthetic_coverage: FAIL
matrix.synthetic.musinsa-to-uniqlo-A-complete_shared_canonical: PASS
matrix.synthetic.musinsa-to-musinsa-A-raw_zero: PASS
matrix.synthetic.zara-to-musinsa-G-exact_identity_mismatch: PASS
ok
test_missing_or_unknown_mode_cannot_report_success (test_release_qa.RunnerTests) ... ok
test_prod_or_lookalike_host_rejected (test_release_qa.RunnerTests) ... ok
test_redacts_credentials (test_release_qa.RunnerTests) ... ok
test_swift_testing_selector_has_parentheses (test_release_qa.RunnerTests) ... ok
test_zero_or_skipped_tests_not_pass (test_release_qa.RunnerTests) ... ok
test_darwin_system_temp_without_python_symbolic_constant (test_release_qa_session.SessionSetupTests) ... ok
test_default_is_offline_and_does_not_read_secrets_or_write (test_release_qa_session.SessionSetupTests) ... ok
test_identity_verification_failure_leaves_no_file (test_release_qa_session.SessionSetupTests) ... ok
test_login_failure_leaves_no_file_or_secret_output (test_release_qa_session.SessionSetupTests) ... ok
test_output_inside_any_git_checkout_rejected_before_auth (test_release_qa_session.SessionSetupTests) ... ok
test_output_outside_temporary_storage_rejected (test_release_qa_session.SessionSetupTests) ... ok
test_redirects_cannot_forward_credentials (test_release_qa_session.SessionSetupTests) ... ok
test_session_must_meet_current_swift_freshness_and_account_type (test_release_qa_session.SessionSetupTests) ... ok
test_success_private_file_matches_runner_contract_and_omits_passwords (test_release_qa_session.SessionSetupTests) ... ok
test_symlinked_output_parent_rejected_before_auth (test_release_qa_session.SessionSetupTests) ... ok
test_two_expected_owners_must_differ (test_release_qa_session.SessionSetupTests) ... ok
test_unsafe_project_and_key_block_before_network (test_release_qa_session.SessionSetupTests) ... ok

----------------------------------------------------------------------
Ran 35 tests in 0.127s

OK
