COMMAND: xcodebuild -quiet -project FitMatch.xcodeproj -scheme FitMatch-QA -configuration Debug-QA -destination platform=iOS Simulator,id=03BAF093-552E-4E53-ABFB-7DE0653BE676 -derivedDataPath /tmp/FitMatchEnvironmentBuild -disableAutomaticPackageResolution -parallel-testing-enabled NO ONLY_ACTIVE_ARCH=YES -only-testing:FitMatchTests/FitMatchFinalReleaseHeadlessAcceptanceTests/serverFirstClosetSubmissionProjectsExactReadBackReceiptBeforeLocalSuccess() -only-testing:FitMatchTests/FitMatchFinalReleaseHeadlessAcceptanceTests/comparedProductClosetSubmissionSerializesConcurrentDuplicateSave() -only-testing:FitMatchTests/FitMatchClosetSyncCoordinatorTests/linkedClosetEditProjectsExactServerReadBackBeforeReportingSuccess() -only-testing:FitMatchTests/FitMatchClosetSyncCoordinatorTests/manualEditDoesNotReportSavedWhenReadbackRetainsPreviousValues() -only-testing:FitMatchTests/FitMatchComparisonSyncCoordinatorTests/closetDeletionActionRemovesOnlyTheRequestedActiveItemWhenNoHistoryExists() -only-testing:FitMatchTests/FitMatchComparisonSyncCoordinatorTests/closetDeletionHidesAssociatedCompletedServerHistoryWithoutDeletingRemoteEvidence() -only-testing:FitMatchTests/FitMatchReleasePreparationTests/weightedOracleAgreesWithPreviewDetailAndCompletionPayload() -only-testing:FitMatchTests/FitMatchReleasePreparationTests/partialOracleKeepsConfidenceSeparateFromCoverageAndSourceFacts() -only-testing:FitMatchTests/FitMatchReleasePreparationTests/identicalScoreAndDeltaUseExactUUIDTieBreakIndependentOfInputOrder() -only-testing:FitMatchTests/FitMatchReleasePreparationTests/inconsistentSignedDifferenceCannotProduceAnOracleResult() -only-testing:FitMatchTests/FitMatchComparisonSyncCoordinatorTests/completedServerHistoryHideSurvivesSyncAndModeledSecondSession() -only-testing:FitMatchTests/FitMatchComparisonSyncCoordinatorTests/failedServerHistoryHideLeavesLocalCacheUntouchedForRetry() -only-testing:FitMatchTests/FitMatchComparisonSyncCoordinatorTests/savedHistoryRestoresTwoExactAuthorizedSizeIdentities() -only-testing:FitMatchTests/FitMatchComparisonSyncCoordinatorTests/savedHistoryRejectsAnotherComparisonAndLateAccountResponse() -only-testing:FitMatchTests/FitMatchHeadlessUserJourneyTests/resultRecompareRunsANewServerAuthorizedCompletionWithoutMutatingTheOldResultTarget() -only-testing:FitMatchTests/FitMatchFinalReleaseScenarioExecutionTests/hi014HistoryToClosetKeepsGlobalAndPersonalAuthorityBoundariesSeparate() -only-testing:FitMatchTests/FitMatchFinalReleaseScenarioExecutionTests/cr022ComparedProductSaveFailureThenRetryCreatesExactlyOneClosetRow() -only-testing:FitMatchTests/FitMatchFinalReleaseScenarioExecutionTests/cm004ReferenceMeasurementEditFeedsOnlyTheNextComparisonSnapshot() -only-testing:FitMatchTests/FitMatchFinalReleaseHeadlessAcceptanceTests/v4PersonalHistoryProjectionSurvivesFreshContainerWithoutTupleSharing() -only-testing:FitMatchTests/FitMatchP0ProductionPathTests/p0LateFirstRequestCannotOverwriteTheLatestProduct() -only-testing:FitMatchTests/FitMatchFinalReleaseHeadlessAcceptanceTests/serverFirstClosetSubmissionReusesClientItemIDAfterLocalFailure() -only-testing:FitMatchTests/FitMatchFinalReleaseHeadlessAcceptanceTests/timeoutThenReplayRejectKeepsOriginalImmutableRequestLocked() -only-testing:FitMatchTests/FitMatchHeadlessUserJourneyTests/cp013EmptyClosetHasNoReferenceAndNeverStartsComparison() -only-testing:FitMatchTests/FitMatchHeadlessUserJourneyTests/cp024RequiredMeasurementAbsenceStatesBlockWithNoCompletedResult() -only-testing:FitMatchTests/FitMatchP0ProductionPathTests/p0PartialProductLoadExplainsMissingSizesAndRetryRecovers() -only-testing:FitMatchTests/FitMatchClosetSyncCoordinatorTests/rx006OfflineOwnedColdCacheThenReconnectRetainsOwnedRowsAndRecovers() -only-testing:FitMatchTests/FitMatchClosetSyncCoordinatorTests/manualRegistrationCancellationDuringReadbackDoesNotPublish() -only-testing:FitMatchTests/FitMatchClosetDeletionTransactionTests/ambiguousNetworkFailureKeepsIntentAndLocalItemThenRetryConfirmsAbsence() -only-testing:FitMatchTests/FitMatchReleaseRawFixtureTests/uniqloArchivedChartPreserves32RawFacts() -only-testing:FitMatchTests/FitMatchReleaseRawFixtureTests/musinsaArchivedChartPreserves24RawFacts() -only-testing:FitMatchTests/FitMatchReleaseRawFixtureTests/zaraArchivedGuidePreserves20RawFactsWithSyntheticPageShell() -only-testing:FitMatchTests/FitMatchFinalReleaseHeadlessAcceptanceTests/committedClosetResponseLostThenRetryReusesExactRequestAndReadback() -only-testing:FitMatchTests/FitMatchReleaseTransportFaultTests -only-testing:FitMatchTests/FitMatchReleaseContinuationTests/compareChangeSizeChangeClosetThenChangeSizeKeepsEachApprovedBatch() -only-testing:FitMatchTests/FitMatchReleaseContinuationTests/compareRegisterOwnedSizeThenCompareUsingAuthoritativeRegisteredItem() -only-testing:FitMatchTests/FitMatchReleaseLifecycleTests/manualRegistrationReadAsyncEditReadDeleteReadPreservesExactIdentity() -only-testing:FitMatchTests/FitMatchReleaseLifecycleTests/asyncManualMeasurementEditRereadsBeforeExplicitNewComparison() -only-testing:FitMatchTests/FitMatchReleaseMatrixTests/smokeRepresentativeCorpusCases() -resultBundlePath /private/tmp/FitMatchPendingSmokeChecked/app.xcresult test
Writing result bundle at path:
	/private/tmp/FitMatchPendingSmokeChecked/app.xcresult

/Users/jinyoung/Developer/FitMatchLocal/FitMatch/FitMatchTests/FitMatchReleaseAuthenticatedSupport.swift:236:13: warning: immutable property will not be decoded because it is declared with an initial value which cannot be overwritten
        let version = 1
            ^
/Users/jinyoung/Developer/FitMatchLocal/FitMatch/FitMatchTests/FitMatchReleaseAuthenticatedSupport.swift:236:13: note: set the initial value via the initializer or explicitly define a CodingKeys enum including a 'version' case to silence this warning
        let version = 1
            ^
/Users/jinyoung/Developer/FitMatchLocal/FitMatch/FitMatchTests/FitMatchReleaseAuthenticatedSupport.swift:236:13: note: make the property mutable instead
        let version = 1
        ~~~ ^
        var
/Users/jinyoung/Developer/FitMatchLocal/FitMatch/FitMatchTests/FitMatchReleaseAuthenticatedSupport.swift:237:13: warning: immutable property will not be decoded because it is declared with an initial value which cannot be overwritten
        let project = ReleaseAuthConfiguration.project
            ^
/Users/jinyoung/Developer/FitMatchLocal/FitMatch/FitMatchTests/FitMatchReleaseAuthenticatedSupport.swift:237:13: note: set the initial value via the initializer or explicitly define a CodingKeys enum including a 'project' case to silence this warning
        let project = ReleaseAuthConfiguration.project
            ^
/Users/jinyoung/Developer/FitMatchLocal/FitMatch/FitMatchTests/FitMatchReleaseAuthenticatedSupport.swift:237:13: note: make the property mutable instead
        let project = ReleaseAuthConfiguration.project
        ~~~ ^
        var
2026-10-02 19:03:03.595 xcodebuild[70646:27225448] [MT] IDETestOperationsObserverDebug: 38.045 elapsed -- Testing started completed.
2026-10-02 19:03:03.595 xcodebuild[70646:27225448] [MT] IDETestOperationsObserverDebug: 0.000 sec, +0.000 sec -- start
2026-10-02 19:03:03.595 xcodebuild[70646:27225448] [MT] IDETestOperationsObserverDebug: 38.045 sec, +38.045 sec -- end
** TEST FAILED **

Testing started
