test_all_incomplete_statuses_fail_closed (test_release_qa.RunnerTests) ... ok
test_case_receipt_propagates_failed_and_unexecuted_cases (test_release_qa.RunnerTests) ... FAIL
test_case_receipt_requires_exact_unique_coverage (test_release_qa.RunnerTests) ... FAIL
test_controlled_fault_fails_report (test_release_qa.RunnerTests) ... ok
test_corpus_edit_requires_new_lock (test_release_qa.RunnerTests) ... ok
test_discovery_errors_are_not_success (test_release_qa.RunnerTests) ... ok
test_empty_lock_is_not_frozen (test_release_qa.RunnerTests) ... ok
test_forwarded_production_override_rejected (test_release_qa.RunnerTests) ... ok
test_full_report_cannot_pass_with_missing_required_cases (test_release_qa.RunnerTests) ... ok
test_interrupted_output_is_rejected_before_any_execution (test_release_qa.RunnerTests) ... usage: release_qa.py [-h] [--output OUTPUT] {preflight,smoke,full,report}
release_qa.py: error: Output must be a new or empty directory; use report mode for prior results
ok
test_missing_or_unknown_mode_cannot_report_success (test_release_qa.RunnerTests) ... ok
test_prod_or_lookalike_host_rejected (test_release_qa.RunnerTests) ... ok
test_redacts_credentials (test_release_qa.RunnerTests) ... ok
test_swift_testing_selector_has_parentheses (test_release_qa.RunnerTests) ... ok
test_zero_or_skipped_tests_not_pass (test_release_qa.RunnerTests) ... ok

======================================================================
FAIL: test_case_receipt_propagates_failed_and_unexecuted_cases (test_release_qa.RunnerTests)
----------------------------------------------------------------------
Traceback (most recent call last):
  File "/Users/jinyoung/Developer/FitMatchLocal/FitMatch/scripts/tests/test_release_qa.py", line 29, in test_case_receipt_propagates_failed_and_unexecuted_cases
    self.assertTrue(callable(getattr(module, 'validate_case_receipt', None)))
AssertionError: False is not true

======================================================================
FAIL: test_case_receipt_requires_exact_unique_coverage (test_release_qa.RunnerTests)
----------------------------------------------------------------------
Traceback (most recent call last):
  File "/Users/jinyoung/Developer/FitMatchLocal/FitMatch/scripts/tests/test_release_qa.py", line 15, in test_case_receipt_requires_exact_unique_coverage
    self.assertTrue(callable(getattr(module, 'validate_case_receipt', None)),
AssertionError: False is not true : Execution receipts must be validated, not treated as a completed matrix

----------------------------------------------------------------------
Ran 15 tests in 0.020s

FAILED (failures=2)
