test_all_incomplete_statuses_fail_closed (test_release_qa.RunnerTests) ... ok
test_controlled_fault_fails_report (test_release_qa.RunnerTests) ... ok
test_corpus_edit_requires_new_lock (test_release_qa.RunnerTests) ... ok
test_discovery_errors_are_not_success (test_release_qa.RunnerTests) ... ok
test_empty_lock_is_not_frozen (test_release_qa.RunnerTests) ... ok
test_forwarded_production_override_rejected (test_release_qa.RunnerTests) ... ok
test_full_report_cannot_pass_with_missing_required_cases (test_release_qa.RunnerTests) ... ok
test_interrupted_output_is_rejected_before_any_execution (test_release_qa.RunnerTests) ... tool.selftest: FAIL
tool.db_selftest: FAIL
REPORT: /private/var/folders/tk/61qtbj0j5rd6rqr44xkz87jc0000gn/T/tmpcmvcgbgu/report.md
FAIL
test_missing_or_unknown_mode_cannot_report_success (test_release_qa.RunnerTests) ... test_prod_or_lookalike_host_rejected (test_release_qa.RunnerTests) ... ok
test_redacts_credentials (test_release_qa.RunnerTests) ... ok
test_swift_testing_selector_has_parentheses (test_release_qa.RunnerTests) ... ok
test_zero_or_skipped_tests_not_pass (test_release_qa.RunnerTests) ... ok

======================================================================
FAIL: test_interrupted_output_is_rejected_before_any_execution (test_release_qa.RunnerTests)
----------------------------------------------------------------------
Traceback (most recent call last):
  File "/Users/jinyoung/Developer/FitMatchLocal/FitMatch/scripts/tests/test_release_qa.py", line 32, in test_interrupted_output_is_rejected_before_any_execution
    module.main()
AssertionError: SystemExit not raised

======================================================================
FAIL: test_missing_or_unknown_mode_cannot_report_success (test_release_qa.RunnerTests) (mode=None)
----------------------------------------------------------------------
Traceback (most recent call last):
  File "/Users/jinyoung/Developer/FitMatchLocal/FitMatch/scripts/tests/test_release_qa.py", line 20, in test_missing_or_unknown_mode_cannot_report_success
    self.assertNotEqual(module.write_report(Path(temp), report), 0)
AssertionError: 0 == 0

======================================================================
FAIL: test_missing_or_unknown_mode_cannot_report_success (test_release_qa.RunnerTests) (mode='unexpected')
----------------------------------------------------------------------
Traceback (most recent call last):
  File "/Users/jinyoung/Developer/FitMatchLocal/FitMatch/scripts/tests/test_release_qa.py", line 21, in test_missing_or_unknown_mode_cannot_report_success
    self.assertEqual(report['overall'], 'FAIL')
AssertionError: 'BLOCKED' != 'FAIL'
- BLOCKED
+ FAIL


----------------------------------------------------------------------
Ran 13 tests in 0.021s

FAILED (failures=3)
